INFO     23/09 18:42:55   antiSMASH version: 8.0.4
INFO     23/09 18:42:55   diamond using executable: /usr/bin/diamond-aligner (2.1.3)
INFO     23/09 18:42:55   hmmpfam2 using executable: /usr/bin/hmm2pfam (2.3.2)
INFO     23/09 18:42:55   fasttree using executable: /usr/bin/fasttree
INFO     23/09 18:42:55   hmmsearch using executable: /usr/bin/hmmsearch (3.3.2)
INFO     23/09 18:42:55   hmmpress using executable: /usr/bin/hmmpress (3.3.2)
INFO     23/09 18:42:55   hmmscan using executable: /usr/bin/hmmscan (3.3.2)
INFO     23/09 18:42:55   prodigal using executable: /usr/bin/prodigal (V2.6.3)
INFO     23/09 18:42:55   blastp using executable: /usr/bin/blastp (2.12.0+)
INFO     23/09 18:42:55   makeblastdb using executable: /usr/bin/makeblastdb (2.12.0+)
DEBUG    23/09 18:42:55   Checking prerequisites for antismash.detection.hmm_detection
DEBUG    23/09 18:42:55   Found file '/usr/local/lib/python3.11/dist-packages/antismash/detection/hmm_detection/data/bgc_seeds.hmm'
DEBUG    23/09 18:42:55   Found file '/usr/local/lib/python3.11/dist-packages/antismash/detection/hmm_detection/data/bgc_seeds.hmm'
DEBUG    23/09 18:42:55   Found file '/usr/local/lib/python3.11/dist-packages/antismash/detection/hmm_detection/data/bgc_seeds.hmm.h3f'
DEBUG    23/09 18:42:55   Found file '/usr/local/lib/python3.11/dist-packages/antismash/detection/hmm_detection/data/bgc_seeds.hmm.h3i'
DEBUG    23/09 18:42:55   Found file '/usr/local/lib/python3.11/dist-packages/antismash/detection/hmm_detection/data/bgc_seeds.hmm.h3m'
DEBUG    23/09 18:42:55   Found file '/usr/local/lib/python3.11/dist-packages/antismash/detection/hmm_detection/data/bgc_seeds.hmm.h3p'
DEBUG    23/09 18:42:55   Checking prerequisites for antismash.detection.genefunctions
DEBUG    23/09 18:42:55   Found file '/databases/resfam/Resfams.hmm'
DEBUG    23/09 18:42:55   Found file '/usr/local/lib/python3.11/dist-packages/antismash/detection/genefunctions/tools/data/extras.hmm.h3f'
DEBUG    23/09 18:42:55   Found file '/usr/local/lib/python3.11/dist-packages/antismash/detection/genefunctions/tools/data/extras.hmm.h3i'
DEBUG    23/09 18:42:55   Found file '/usr/local/lib/python3.11/dist-packages/antismash/detection/genefunctions/tools/data/extras.hmm.h3m'
DEBUG    23/09 18:42:55   Found file '/usr/local/lib/python3.11/dist-packages/antismash/detection/genefunctions/tools/data/extras.hmm.h3p'
DEBUG    23/09 18:42:55   Found file '/usr/local/lib/python3.11/dist-packages/antismash/detection/genefunctions/tools/halogenases/data/FDH.hmm'
DEBUG    23/09 18:42:55   Found file '/usr/local/lib/python3.11/dist-packages/antismash/detection/genefunctions/tools/halogenases/data/FDH.hmm.h3f'
DEBUG    23/09 18:42:55   Found file '/usr/local/lib/python3.11/dist-packages/antismash/detection/genefunctions/tools/halogenases/data/FDH.hmm.h3i'
DEBUG    23/09 18:42:55   Found file '/usr/local/lib/python3.11/dist-packages/antismash/detection/genefunctions/tools/halogenases/data/FDH.hmm.h3m'
DEBUG    23/09 18:42:55   Found file '/usr/local/lib/python3.11/dist-packages/antismash/detection/genefunctions/tools/halogenases/data/FDH.hmm.h3p'
DEBUG    23/09 18:42:55   Found file '/databases/mite/1.3/metadata.json'
DEBUG    23/09 18:42:55   Found file '/databases/mite/1.3/mite.fasta'
DEBUG    23/09 18:42:55   Found file '/databases/mite/1.3/mite.db.dmnd'
DEBUG    23/09 18:42:55   Found file '/databases/mite/1.3/mite.db.dmnd'
DEBUG    23/09 18:42:55   Found file '/usr/local/lib/python3.11/dist-packages/antismash/detection/genefunctions/tools/data/smcogs.hmm.h3f'
DEBUG    23/09 18:42:55   Found file '/usr/local/lib/python3.11/dist-packages/antismash/detection/genefunctions/tools/data/smcogs.hmm.h3i'
DEBUG    23/09 18:42:55   Found file '/usr/local/lib/python3.11/dist-packages/antismash/detection/genefunctions/tools/data/smcogs.hmm.h3m'
DEBUG    23/09 18:42:55   Found file '/usr/local/lib/python3.11/dist-packages/antismash/detection/genefunctions/tools/data/smcogs.hmm.h3p'
DEBUG    23/09 18:42:55   Found file '/databases/resfam/Resfams.hmm.h3f'
DEBUG    23/09 18:42:55   Found file '/databases/resfam/Resfams.hmm.h3i'
DEBUG    23/09 18:42:55   Found file '/databases/resfam/Resfams.hmm.h3m'
DEBUG    23/09 18:42:55   Found file '/databases/resfam/Resfams.hmm.h3p'
DEBUG    23/09 18:42:55   Checking prerequisites for antismash.detection.nrps_pks_domains
DEBUG    23/09 18:42:55   Found file '/usr/local/lib/python3.11/dist-packages/antismash/detection/nrps_pks_domains/data/abmotifs.hmm.h3f'
DEBUG    23/09 18:42:55   Found file '/usr/local/lib/python3.11/dist-packages/antismash/detection/nrps_pks_domains/data/abmotifs.hmm.h3i'
DEBUG    23/09 18:42:55   Found file '/usr/local/lib/python3.11/dist-packages/antismash/detection/nrps_pks_domains/data/abmotifs.hmm.h3m'
DEBUG    23/09 18:42:55   Found file '/usr/local/lib/python3.11/dist-packages/antismash/detection/nrps_pks_domains/data/abmotifs.hmm.h3p'
DEBUG    23/09 18:42:55   Found file '/usr/local/lib/python3.11/dist-packages/antismash/detection/nrps_pks_domains/data/dockingdomains.hmm.h3f'
DEBUG    23/09 18:42:55   Found file '/usr/local/lib/python3.11/dist-packages/antismash/detection/nrps_pks_domains/data/dockingdomains.hmm.h3i'
DEBUG    23/09 18:42:55   Found file '/usr/local/lib/python3.11/dist-packages/antismash/detection/nrps_pks_domains/data/dockingdomains.hmm.h3m'
DEBUG    23/09 18:42:55   Found file '/usr/local/lib/python3.11/dist-packages/antismash/detection/nrps_pks_domains/data/dockingdomains.hmm.h3p'
DEBUG    23/09 18:42:55   Found file '/usr/local/lib/python3.11/dist-packages/antismash/detection/nrps_pks_domains/data/ksdomains.hmm.h3f'
DEBUG    23/09 18:42:55   Found file '/usr/local/lib/python3.11/dist-packages/antismash/detection/nrps_pks_domains/data/ksdomains.hmm.h3i'
DEBUG    23/09 18:42:55   Found file '/usr/local/lib/python3.11/dist-packages/antismash/detection/nrps_pks_domains/data/ksdomains.hmm.h3m'
DEBUG    23/09 18:42:55   Found file '/usr/local/lib/python3.11/dist-packages/antismash/detection/nrps_pks_domains/data/ksdomains.hmm.h3p'
DEBUG    23/09 18:42:55   Found file '/usr/local/lib/python3.11/dist-packages/antismash/detection/nrps_pks_domains/data/nrpspksdomains.hmm.h3f'
DEBUG    23/09 18:42:55   Found file '/usr/local/lib/python3.11/dist-packages/antismash/detection/nrps_pks_domains/data/nrpspksdomains.hmm.h3i'
DEBUG    23/09 18:42:55   Found file '/usr/local/lib/python3.11/dist-packages/antismash/detection/nrps_pks_domains/data/nrpspksdomains.hmm.h3m'
DEBUG    23/09 18:42:55   Found file '/usr/local/lib/python3.11/dist-packages/antismash/detection/nrps_pks_domains/data/nrpspksdomains.hmm.h3p'
DEBUG    23/09 18:42:55   Found file '/databases/nrps_pks/transATor/2023.02.23/transATor.hmm.h3f'
DEBUG    23/09 18:42:55   Found file '/databases/nrps_pks/transATor/2023.02.23/transATor.hmm.h3i'
DEBUG    23/09 18:42:55   Found file '/databases/nrps_pks/transATor/2023.02.23/transATor.hmm.h3m'
DEBUG    23/09 18:42:55   Found file '/databases/nrps_pks/transATor/2023.02.23/transATor.hmm.h3p'
DEBUG    23/09 18:42:55   Checking prerequisites for antismash.modules.active_site_finder
DEBUG    23/09 18:42:55   Found file '/usr/local/lib/python3.11/dist-packages/antismash/modules/active_site_finder/data/PKSI-KR.hmm2'
DEBUG    23/09 18:42:55   Found file '/usr/local/lib/python3.11/dist-packages/antismash/modules/active_site_finder/data/PKSI-KS_N.hmm2'
DEBUG    23/09 18:42:55   Found file '/usr/local/lib/python3.11/dist-packages/antismash/modules/active_site_finder/data/PKSI-KS_C.hmm2'
DEBUG    23/09 18:42:55   Found file '/usr/local/lib/python3.11/dist-packages/antismash/modules/active_site_finder/data/PKSI-AT.hmm2'
DEBUG    23/09 18:42:55   Found file '/usr/local/lib/python3.11/dist-packages/antismash/modules/active_site_finder/data/PKSI-ACP.hmm2'
DEBUG    23/09 18:42:55   Found file '/usr/local/lib/python3.11/dist-packages/antismash/modules/active_site_finder/data/PKSI-DH.hmm2'
DEBUG    23/09 18:42:55   Found file '/usr/local/lib/python3.11/dist-packages/antismash/modules/active_site_finder/data/Thioesterase.hmm2'
DEBUG    23/09 18:42:55   Found file '/usr/local/lib/python3.11/dist-packages/antismash/modules/active_site_finder/data/PKSI-ER.hmm2'
DEBUG    23/09 18:42:55   Found file '/usr/local/lib/python3.11/dist-packages/antismash/modules/active_site_finder/data/p450.hmm2'
DEBUG    23/09 18:42:55   Checking prerequisites for antismash.modules.clusterblast
DEBUG    23/09 18:42:55   Found file '/databases/knownclusterblast/4.0/clusters.txt'
DEBUG    23/09 18:42:55   Found file '/databases/knownclusterblast/4.0/proteins.fasta'
DEBUG    23/09 18:42:55   Found file '/databases/knownclusterblast/4.0/proteins.dmnd'
DEBUG    23/09 18:42:55   Found file '/databases/knownclusterblast/4.0/proteins.dmnd'
DEBUG    23/09 18:42:55   Found file '/databases/clusterblast/clusters.txt'
DEBUG    23/09 18:42:55   Found file '/databases/clusterblast/proteins.fasta'
DEBUG    23/09 18:42:55   Found file '/databases/clusterblast/proteins.dmnd'
DEBUG    23/09 18:42:55   Found file '/databases/clusterblast/proteins.dmnd'
DEBUG    23/09 18:42:55   Found file '/usr/local/lib/python3.11/dist-packages/antismash/modules/clusterblast/data/sub/proteins.fasta'
DEBUG    23/09 18:42:55   Found file '/usr/local/lib/python3.11/dist-packages/antismash/modules/clusterblast/data/sub/proteins.fasta.phr'
DEBUG    23/09 18:42:55   Found file '/usr/local/lib/python3.11/dist-packages/antismash/modules/clusterblast/data/sub/proteins.fasta.pin'
DEBUG    23/09 18:42:55   Found file '/usr/local/lib/python3.11/dist-packages/antismash/modules/clusterblast/data/sub/proteins.fasta.psq'
DEBUG    23/09 18:42:55   Found file '/usr/local/lib/python3.11/dist-packages/antismash/modules/clusterblast/data/sub/clusters.txt'
DEBUG    23/09 18:42:55   Checking prerequisites for antismash.modules.lanthipeptides
DEBUG    23/09 18:42:55   Found file '/databases/comparippson/asdb/4.0/cores.fa.pdb'
DEBUG    23/09 18:42:55   Found file '/databases/comparippson/asdb/4.0/cores.fa.phr'
DEBUG    23/09 18:42:55   Found file '/databases/comparippson/asdb/4.0/cores.fa.pin'
DEBUG    23/09 18:42:55   Found file '/databases/comparippson/asdb/4.0/cores.fa.pot'
DEBUG    23/09 18:42:55   Found file '/databases/comparippson/asdb/4.0/cores.fa.psq'
DEBUG    23/09 18:42:55   Found file '/databases/comparippson/asdb/4.0/cores.fa.ptf'
DEBUG    23/09 18:42:55   Found file '/databases/comparippson/asdb/4.0/cores.fa.pto'
DEBUG    23/09 18:42:55   Found file '/databases/comparippson/mibig/4.0/cores.fa.pdb'
DEBUG    23/09 18:42:55   Found file '/databases/comparippson/mibig/4.0/cores.fa.phr'
DEBUG    23/09 18:42:55   Found file '/databases/comparippson/mibig/4.0/cores.fa.pin'
DEBUG    23/09 18:42:55   Found file '/databases/comparippson/mibig/4.0/cores.fa.pot'
DEBUG    23/09 18:42:55   Found file '/databases/comparippson/mibig/4.0/cores.fa.psq'
DEBUG    23/09 18:42:55   Found file '/databases/comparippson/mibig/4.0/cores.fa.ptf'
DEBUG    23/09 18:42:55   Found file '/databases/comparippson/mibig/4.0/cores.fa.pto'
DEBUG    23/09 18:42:55   Checking prerequisites for antismash.modules.lassopeptides
DEBUG    23/09 18:42:55   Checking prerequisites for antismash.modules.nrps_pks
DEBUG    23/09 18:42:55   Found existing cache for /usr/local/lib/python3.11/dist-packages/antismash/modules/nrps_pks/data/terminals/cterm.fasta
DEBUG    23/09 18:42:55   Found existing cache for /usr/local/lib/python3.11/dist-packages/antismash/modules/nrps_pks/data/terminals/nterm.fasta
DEBUG    23/09 18:42:55   Found existing cache for /usr/local/lib/python3.11/dist-packages/antismash/modules/nrps_pks/at_analysis/data/AT_domains_muscle.fasta
DEBUG    23/09 18:42:55   Found existing cache for /usr/local/lib/python3.11/dist-packages/antismash/modules/nrps_pks/c_analysis/data/Rausch_C_203.fa
DEBUG    23/09 18:42:55   Found existing cache for /usr/local/lib/python3.11/dist-packages/antismash/modules/nrps_pks/kr_analysis/data/KRdomains_muscle.fasta
DEBUG    23/09 18:42:55   Found existing cache for /usr/local/lib/python3.11/dist-packages/antismash/modules/nrps_pks/minowa/data/AT_domains_muscle.fasta
DEBUG    23/09 18:42:55   Found existing cache for /usr/local/lib/python3.11/dist-packages/antismash/modules/nrps_pks/minowa/data/CAL_domains_muscle.fasta
DEBUG    23/09 18:42:55   Checking prerequisites for antismash.modules.rrefinder
DEBUG    23/09 18:42:55   Found file '/usr/local/lib/python3.11/dist-packages/antismash/modules/rrefinder/data/RREFam.hmm.h3f'
DEBUG    23/09 18:42:55   Found file '/usr/local/lib/python3.11/dist-packages/antismash/modules/rrefinder/data/RREFam.hmm.h3i'
DEBUG    23/09 18:42:55   Found file '/usr/local/lib/python3.11/dist-packages/antismash/modules/rrefinder/data/RREFam.hmm.h3m'
DEBUG    23/09 18:42:55   Found file '/usr/local/lib/python3.11/dist-packages/antismash/modules/rrefinder/data/RREFam.hmm.h3p'
DEBUG    23/09 18:42:55   Checking prerequisites for antismash.modules.sactipeptides
DEBUG    23/09 18:42:55   Checking prerequisites for antismash.modules.t2pks
DEBUG    23/09 18:42:55   Found file '/usr/local/lib/python3.11/dist-packages/antismash/modules/t2pks/data/KSIII.fasta'
DEBUG    23/09 18:42:55   Found file '/usr/local/lib/python3.11/dist-packages/antismash/modules/t2pks/data/KSIII.phr'
DEBUG    23/09 18:42:55   Found file '/usr/local/lib/python3.11/dist-packages/antismash/modules/t2pks/data/KSIII.pin'
DEBUG    23/09 18:42:55   Found file '/usr/local/lib/python3.11/dist-packages/antismash/modules/t2pks/data/KSIII.psq'
DEBUG    23/09 18:42:55   Found file '/usr/local/lib/python3.11/dist-packages/antismash/modules/t2pks/data/AT.fasta'
DEBUG    23/09 18:42:55   Found file '/usr/local/lib/python3.11/dist-packages/antismash/modules/t2pks/data/AT.phr'
DEBUG    23/09 18:42:55   Found file '/usr/local/lib/python3.11/dist-packages/antismash/modules/t2pks/data/AT.pin'
DEBUG    23/09 18:42:55   Found file '/usr/local/lib/python3.11/dist-packages/antismash/modules/t2pks/data/AT.psq'
DEBUG    23/09 18:42:55   Found file '/usr/local/lib/python3.11/dist-packages/antismash/modules/t2pks/data/LIG.fasta'
DEBUG    23/09 18:42:55   Found file '/usr/local/lib/python3.11/dist-packages/antismash/modules/t2pks/data/LIG.phr'
DEBUG    23/09 18:42:55   Found file '/usr/local/lib/python3.11/dist-packages/antismash/modules/t2pks/data/LIG.pin'
DEBUG    23/09 18:42:55   Found file '/usr/local/lib/python3.11/dist-packages/antismash/modules/t2pks/data/LIG.psq'
DEBUG    23/09 18:42:55   Found file '/usr/local/lib/python3.11/dist-packages/antismash/modules/t2pks/data/t2pks.hmm.h3f'
DEBUG    23/09 18:42:55   Found file '/usr/local/lib/python3.11/dist-packages/antismash/modules/t2pks/data/t2pks.hmm.h3i'
DEBUG    23/09 18:42:55   Found file '/usr/local/lib/python3.11/dist-packages/antismash/modules/t2pks/data/t2pks.hmm.h3m'
DEBUG    23/09 18:42:55   Found file '/usr/local/lib/python3.11/dist-packages/antismash/modules/t2pks/data/t2pks.hmm.h3p'
DEBUG    23/09 18:42:55   Checking prerequisites for antismash.modules.terpene
DEBUG    23/09 18:42:55   Found file '/usr/local/lib/python3.11/dist-packages/antismash/modules/terpene/data/all_profiles.hmm'
DEBUG    23/09 18:42:55   Found file '/usr/local/lib/python3.11/dist-packages/antismash/modules/terpene/data/all_profiles.hmm.h3f'
DEBUG    23/09 18:42:55   Found file '/usr/local/lib/python3.11/dist-packages/antismash/modules/terpene/data/all_profiles.hmm.h3i'
DEBUG    23/09 18:42:55   Found file '/usr/local/lib/python3.11/dist-packages/antismash/modules/terpene/data/all_profiles.hmm.h3m'
DEBUG    23/09 18:42:55   Found file '/usr/local/lib/python3.11/dist-packages/antismash/modules/terpene/data/all_profiles.hmm.h3p'
DEBUG    23/09 18:42:55   Checking prerequisites for antismash.modules.tfbs_finder
DEBUG    23/09 18:42:55   Found file '/usr/local/lib/python3.11/dist-packages/antismash/modules/tfbs_finder/data/PWMs.json'
DEBUG    23/09 18:42:55   Checking prerequisites for antismash.modules.thiopeptides
DEBUG    23/09 18:42:55   Found file '/usr/local/lib/python3.11/dist-packages/antismash/modules/thiopeptides/data/thiopep3.hmm.h3f'
DEBUG    23/09 18:42:55   Found file '/usr/local/lib/python3.11/dist-packages/antismash/modules/thiopeptides/data/thiopep3.hmm.h3i'
DEBUG    23/09 18:42:55   Found file '/usr/local/lib/python3.11/dist-packages/antismash/modules/thiopeptides/data/thiopep3.hmm.h3m'
DEBUG    23/09 18:42:55   Found file '/usr/local/lib/python3.11/dist-packages/antismash/modules/thiopeptides/data/thiopep3.hmm.h3p'
DEBUG    23/09 18:42:55   Checking prerequisites for antismash.modules.tta
DEBUG    23/09 18:42:55   Checking prerequisites for antismash.outputs.html
DEBUG    23/09 18:42:55   Found file '/usr/local/lib/python3.11/dist-packages/antismash/outputs/html/css/bacteria.css'
DEBUG    23/09 18:42:55   Found file '/usr/local/lib/python3.11/dist-packages/antismash/outputs/html/css/fungi.css'
DEBUG    23/09 18:42:55   Found file '/usr/local/lib/python3.11/dist-packages/antismash/outputs/html/css/plants.css'
DEBUG    23/09 18:42:55   Checking prerequisites for antismash.support.genefinding
DEBUG    23/09 18:42:55   Checking options for antismash.detection.hmm_detection
DEBUG    23/09 18:42:55   Checking options for antismash.detection.genefunctions
DEBUG    23/09 18:42:55   Checking options for antismash.detection.nrps_pks_domains
DEBUG    23/09 18:42:55   Checking options for antismash.modules.active_site_finder
DEBUG    23/09 18:42:55   Checking options for antismash.modules.clusterblast
DEBUG    23/09 18:42:55   Checking options for antismash.modules.lanthipeptides
DEBUG    23/09 18:42:55   Checking options for antismash.modules.lassopeptides
DEBUG    23/09 18:42:55   Checking options for antismash.modules.nrps_pks
DEBUG    23/09 18:42:55   Checking options for antismash.modules.rrefinder
DEBUG    23/09 18:42:55   Checking options for antismash.modules.sactipeptides
DEBUG    23/09 18:42:55   Checking options for antismash.modules.t2pks
DEBUG    23/09 18:42:55   Checking options for antismash.modules.terpene
DEBUG    23/09 18:42:55   Checking options for antismash.modules.tfbs_finder
DEBUG    23/09 18:42:55   Checking options for antismash.modules.thiopeptides
DEBUG    23/09 18:42:55   Checking options for antismash.modules.tta
DEBUG    23/09 18:42:55   Checking options for antismash.outputs.html
DEBUG    23/09 18:42:55   Checking options for antismash.support.genefinding
INFO     23/09 18:42:55   Parsing input sequence '/input/Mada85.fna'
DEBUG    23/09 18:42:56   Stripping antiSMASH features and annotations from record: gnl|DSMZ|unitig_0|quiver_consensus
DEBUG    23/09 18:42:56   Converting records from biopython to secmet
DEBUG    23/09 18:42:56   Removing existing region genbank files
DEBUG    23/09 18:42:56   Reusing output directory: /data/antismash/upload/bacteria-3d7cb191-5be6-4428-bc58-4515492da0da
DEBUG    23/09 18:42:56   Preprocessing 1 sequences
DEBUG    23/09 18:42:56   Sanitising record ids and sequences
DEBUG    23/09 18:42:56   Removing sequences smaller than 1000 bases
DEBUG    23/09 18:42:56   Ensuring records have CDS features with all required information
INFO     23/09 18:42:56   No CDS features found in record 'gnlDSMZunitig_0quiver_consensus', running gene finding.
DEBUG    23/09 18:42:56   Running prodigal based genefinding
DEBUG    23/09 18:43:04   prodigal found 3251 CDS features
INFO     23/09 18:43:04   Analysing record: gnlDSMZunitig_0quiver_consensus
INFO     23/09 18:43:04   Detecting secondary metabolite clusters
DEBUG    23/09 18:43:04   Checking if antismash.detection.hmm_detection should be run
INFO     23/09 18:43:04   Running antismash.detection.hmm_detection
INFO     23/09 18:43:04   HMM detection using strictness: relaxed
DEBUG    23/09 18:43:23   7 rule-based cluster(s) found in record
DEBUG    23/09 18:43:23   7 protoclusters found
DEBUG    23/09 18:43:23   0 subregions found
INFO     23/09 18:43:23   7 region(s) detected in record
DEBUG    23/09 18:43:23   Checking if antismash.detection.genefunctions should be run
INFO     23/09 18:43:23   Running antismash.detection.genefunctions
DEBUG    23/09 18:43:30   Adding detection results from antismash.detection.genefunctions to record
DEBUG    23/09 18:43:30   annotating CDS features with extras info: 0 CDSes
DEBUG    23/09 18:43:30   annotating CDS features with halogenases info: 0 CDSes
DEBUG    23/09 18:43:30   annotating CDS features with MITE info: 0 CDSes
DEBUG    23/09 18:43:30   annotating CDS features with resist info: 0 CDSes
DEBUG    23/09 18:43:30   annotating CDS features with smcogs info: 55 CDSes
DEBUG    23/09 18:43:30   Checking if antismash.detection.nrps_pks_domains should be run
INFO     23/09 18:43:30   Running antismash.detection.nrps_pks_domains
DEBUG    23/09 18:43:30   Marking NRPS/PKS CDS features and domains in clusters
DEBUG    23/09 18:43:31   Adding detection results from antismash.detection.nrps_pks_domains to record
DEBUG    23/09 18:43:31   Checking if antismash.modules.active_site_finder should be run
INFO     23/09 18:43:31   Running antismash.modules.active_site_finder
DEBUG    23/09 18:43:31   Checking if antismash.modules.clusterblast should be run
INFO     23/09 18:43:31   Running antismash.modules.clusterblast
INFO     23/09 18:43:31   Running subcluster search
INFO     23/09 18:43:31   SubClusterBlast: Loading gene cluster database into memory...
INFO     23/09 18:43:31   SubClusterBlast: Loading gene cluster database proteins into memory...
INFO     23/09 18:43:32   Running known cluster search
INFO     23/09 18:43:32   KnownClusterBlast: Loading gene cluster database into memory...
INFO     23/09 18:43:32   KnownClusterBlast: Loading gene cluster database proteins into memory...
DEBUG    23/09 18:43:32   Running DIAMOND knowncluster searches..
INFO     23/09 18:43:32   Comparing regions to reference database
DEBUG    23/09 18:43:34   Checking if antismash.modules.lanthipeptides should be run
INFO     23/09 18:43:34   Running antismash.modules.lanthipeptides
DEBUG    23/09 18:43:34   Lanthipeptide module marked 0 motifs
DEBUG    23/09 18:43:35   Checking if antismash.modules.lassopeptides should be run
INFO     23/09 18:43:35   Running antismash.modules.lassopeptides
DEBUG    23/09 18:43:35   Lassopeptide module marked 0 motifs
DEBUG    23/09 18:43:35   Checking if antismash.modules.nrps_pks should be run
INFO     23/09 18:43:35   Running antismash.modules.nrps_pks
INFO     23/09 18:43:35   Predicting A domain substrate specificities with nrpys
INFO     23/09 18:43:35   Predicting NRPS C domain activity using active site motifs
INFO     23/09 18:43:35   Predicting CAL domain substrate specificities by Minowa et al. method
INFO     23/09 18:43:35   Predicting PKS KR activity and stereochemistry using KR fingerprints from Starcevic et al.
DEBUG    23/09 18:43:35   CandidateCluster 2 monomer ordering method: colinear
DEBUG    23/09 18:43:35   CandidateCluster 3 monomer ordering method: colinear
DEBUG    23/09 18:43:35   Checking if antismash.modules.rrefinder should be run
INFO     23/09 18:43:35   Running antismash.modules.rrefinder
DEBUG    23/09 18:43:35   Building name mapping for HMMer database RREFam.hmm
DEBUG    23/09 18:43:35   Checking if antismash.modules.sactipeptides should be run
INFO     23/09 18:43:35   Running antismash.modules.sactipeptides
DEBUG    23/09 18:43:35   Found no sactipeptide motifs
DEBUG    23/09 18:43:35   Checking if antismash.modules.t2pks should be run
INFO     23/09 18:43:35   Running antismash.modules.t2pks
DEBUG    23/09 18:43:35   No type II PKS clusters to analyze
DEBUG    23/09 18:43:35   Checking if antismash.modules.terpene should be run
INFO     23/09 18:43:35   Running antismash.modules.terpene
INFO     23/09 18:43:35   Analysing terpene clusters
DEBUG    23/09 18:43:36   Checking if antismash.modules.tfbs_finder should be run
INFO     23/09 18:43:36   Running antismash.modules.tfbs_finder
DEBUG    23/09 18:43:38   Checking if antismash.modules.thiopeptides should be run
INFO     23/09 18:43:38   Running antismash.modules.thiopeptides
DEBUG    23/09 18:43:38   Thiopeptides marked 0 motifs
DEBUG    23/09 18:43:38   Checking if antismash.modules.tta should be run
INFO     23/09 18:43:38   Running antismash.modules.tta
INFO     23/09 18:43:38   Detecting TTA codons
DEBUG    23/09 18:43:38   GC content: 72%
DEBUG    23/09 18:43:38   Detected 0 TTA codons
INFO     23/09 18:43:38   Writing results
DEBUG    23/09 18:43:38   Writing json results to '/data/antismash/upload/bacteria-3d7cb191-5be6-4428-bc58-4515492da0da/Mada85.json'
DEBUG    23/09 18:43:38   Record gnlDSMZunitig_0quiver_consensus has results for modules: hmm_detection, genefunctions, nrps_pks_domains, active_site_finder, clusterblast, lanthipeptides, lassopeptides, nrps_pks, rrefinder, sactipeptides, t2pks, terpene, tfbs_finder, thiopeptides
DEBUG    23/09 18:43:38   Converting antismash.detection.hmm_detection results to json
DEBUG    23/09 18:43:38   Converting antismash.detection.genefunctions results to json
DEBUG    23/09 18:43:38   Converting antismash.detection.nrps_pks_domains results to json
DEBUG    23/09 18:43:38   Converting antismash.modules.active_site_finder results to json
DEBUG    23/09 18:43:38   Converting antismash.modules.clusterblast results to json
DEBUG    23/09 18:43:38   Converting antismash.modules.lanthipeptides results to json
DEBUG    23/09 18:43:38   Converting antismash.modules.lassopeptides results to json
DEBUG    23/09 18:43:38   Converting antismash.modules.nrps_pks results to json
DEBUG    23/09 18:43:38   Converting antismash.modules.rrefinder results to json
DEBUG    23/09 18:43:38   Converting antismash.modules.sactipeptides results to json
DEBUG    23/09 18:43:38   Converting antismash.modules.t2pks results to json
DEBUG    23/09 18:43:38   Converting antismash.modules.terpene results to json
DEBUG    23/09 18:43:38   Converting antismash.modules.tfbs_finder results to json
DEBUG    23/09 18:43:38   Converting antismash.modules.thiopeptides results to json
DEBUG    23/09 18:43:38   Converting antismash.modules.tta results to json
DEBUG    23/09 18:43:38   Annotating record gnlDSMZunitig_0quiver_consensus with results from: hmm_detection, genefunctions, nrps_pks_domains, active_site_finder, clusterblast, lanthipeptides, lassopeptides, nrps_pks, rrefinder, sactipeptides, t2pks, terpene, tfbs_finder, thiopeptides, tta
DEBUG    23/09 18:43:38    Adding results from antismash.modules.active_site_finder
DEBUG    23/09 18:43:38    Adding results from antismash.modules.clusterblast
DEBUG    23/09 18:43:38    Adding results from antismash.modules.lanthipeptides
DEBUG    23/09 18:43:38    Adding results from antismash.modules.lassopeptides
DEBUG    23/09 18:43:38    Adding results from antismash.modules.nrps_pks
DEBUG    23/09 18:43:38    Adding results from antismash.modules.rrefinder
DEBUG    23/09 18:43:38    Adding results from antismash.modules.sactipeptides
DEBUG    23/09 18:43:38    Adding results from antismash.modules.t2pks
DEBUG    23/09 18:43:38    Adding results from antismash.modules.terpene
DEBUG    23/09 18:43:38    Adding results from antismash.modules.tfbs_finder
DEBUG    23/09 18:43:38    Adding results from antismash.modules.thiopeptides
DEBUG    23/09 18:43:38    Adding results from antismash.modules.tta
DEBUG    23/09 18:43:38   Writing non-HTML output files
DEBUG    23/09 18:43:38    Writing relevant output files for antismash.detection.hmm_detection
DEBUG    23/09 18:43:38    Writing relevant output files for antismash.detection.genefunctions
DEBUG    23/09 18:43:38    Writing relevant output files for antismash.detection.nrps_pks_domains
DEBUG    23/09 18:43:38    Writing relevant output files for antismash.modules.active_site_finder
DEBUG    23/09 18:43:38    Writing relevant output files for antismash.modules.clusterblast
DEBUG    23/09 18:43:39    Writing relevant output files for antismash.modules.lanthipeptides
DEBUG    23/09 18:43:39    Writing relevant output files for antismash.modules.lassopeptides
DEBUG    23/09 18:43:39    Writing relevant output files for antismash.modules.nrps_pks
DEBUG    23/09 18:43:39    Writing relevant output files for antismash.modules.rrefinder
DEBUG    23/09 18:43:39    Writing relevant output files for antismash.modules.sactipeptides
DEBUG    23/09 18:43:39    Writing relevant output files for antismash.modules.t2pks
DEBUG    23/09 18:43:39    Writing relevant output files for antismash.modules.terpene
DEBUG    23/09 18:43:39    Writing relevant output files for antismash.modules.tfbs_finder
DEBUG    23/09 18:43:39    Writing relevant output files for antismash.modules.thiopeptides
DEBUG    23/09 18:43:39    Writing relevant output files for antismash.modules.tta
DEBUG    23/09 18:43:39   Creating results page
DEBUG    23/09 18:43:39   Results page using antismash.js from local copy: /databases/as-js/0.16/antismash.js
DEBUG    23/09 18:43:43   Writing cluster-specific genbank files
DEBUG    23/09 18:43:43   Writing final genbank file to '/data/antismash/upload/bacteria-3d7cb191-5be6-4428-bc58-4515492da0da/Mada85.gbk'
DEBUG    23/09 18:43:43   Zipping output to '/data/antismash/upload/bacteria-3d7cb191-5be6-4428-bc58-4515492da0da/Mada85.zip'
