INFO [2025-09-08 17:00:15] $x
INFO [2025-09-08 17:00:15] list(`Genome 85` = set1, `Genome 106` = set2)
INFO [2025-09-08 17:00:15] 
INFO [2025-09-08 17:00:15] $filename
INFO [2025-09-08 17:00:15] NULL
INFO [2025-09-08 17:00:15] 
INFO [2025-09-08 17:00:15] $fill
INFO [2025-09-08 17:00:15] c("skyblue", "lightgreen")
INFO [2025-09-08 17:00:15] 
INFO [2025-09-08 17:00:15] $alpha
INFO [2025-09-08 17:00:15] [1] 0.5
INFO [2025-09-08 17:00:15] 
INFO [2025-09-08 17:00:15] $scaled
INFO [2025-09-08 17:00:15] [1] FALSE
INFO [2025-09-08 17:00:15] 
INFO [2025-09-08 17:00:15] $cex
INFO [2025-09-08 17:00:15] [1] 2
INFO [2025-09-08 17:00:15] 
INFO [2025-09-08 17:00:15] $cat.cex
INFO [2025-09-08 17:00:15] [1] 2
INFO [2025-09-08 17:00:15] 
