INFO [2025-09-08 17:16:00] $x
INFO [2025-09-08 17:16:00] list(Mada.85 = set1, Mada.106 = set2)
INFO [2025-09-08 17:16:00] 
INFO [2025-09-08 17:16:00] $filename
INFO [2025-09-08 17:16:00] NULL
INFO [2025-09-08 17:16:00] 
INFO [2025-09-08 17:16:00] $fill
INFO [2025-09-08 17:16:00] c("skyblue", "lightgreen")
INFO [2025-09-08 17:16:00] 
INFO [2025-09-08 17:16:00] $alpha
INFO [2025-09-08 17:16:00] [1] 0.5
INFO [2025-09-08 17:16:00] 
INFO [2025-09-08 17:16:00] $scaled
INFO [2025-09-08 17:16:00] [1] FALSE
INFO [2025-09-08 17:16:00] 
INFO [2025-09-08 17:16:00] $cex
INFO [2025-09-08 17:16:00] [1] 2
INFO [2025-09-08 17:16:00] 
INFO [2025-09-08 17:16:00] $cat.cex
INFO [2025-09-08 17:16:00] [1] 2
INFO [2025-09-08 17:16:00] 
