INFO [2025-09-08 17:19:19] $x
INFO [2025-09-08 17:19:19] list(`Mada.85: NonInhibitory` = set1, `Mada.106: Inhibitory` = set2)
INFO [2025-09-08 17:19:19] 
INFO [2025-09-08 17:19:19] $filename
INFO [2025-09-08 17:19:19] NULL
INFO [2025-09-08 17:19:19] 
INFO [2025-09-08 17:19:19] $fill
INFO [2025-09-08 17:19:19] c("skyblue", "lightgreen")
INFO [2025-09-08 17:19:19] 
INFO [2025-09-08 17:19:19] $alpha
INFO [2025-09-08 17:19:19] [1] 0.5
INFO [2025-09-08 17:19:19] 
INFO [2025-09-08 17:19:19] $scaled
INFO [2025-09-08 17:19:19] [1] FALSE
INFO [2025-09-08 17:19:19] 
INFO [2025-09-08 17:19:19] $cex
INFO [2025-09-08 17:19:19] [1] 1
INFO [2025-09-08 17:19:19] 
INFO [2025-09-08 17:19:19] $cat.cex
INFO [2025-09-08 17:19:19] [1] 1.5
INFO [2025-09-08 17:19:19] 
INFO [2025-09-08 17:19:19] $cat.pos
INFO [2025-09-08 17:19:19] c(180, 0)
INFO [2025-09-08 17:19:19] 
INFO [2025-09-08 17:19:19] $cat.dist
INFO [2025-09-08 17:19:19] c(0.05, 0.05)
INFO [2025-09-08 17:19:19] 
INFO [2025-09-08 17:19:19] $margin
INFO [2025-09-08 17:19:19] [1] 0.1
INFO [2025-09-08 17:19:19] 
