INFO [2025-09-08 17:22:16] $x
INFO [2025-09-08 17:22:16] list(`Mada.85: NonInhibitory` = set1, `Mada.106: Inhibitory` = set2)
INFO [2025-09-08 17:22:16] 
INFO [2025-09-08 17:22:16] $filename
INFO [2025-09-08 17:22:16] NULL
INFO [2025-09-08 17:22:16] 
INFO [2025-09-08 17:22:16] $fill
INFO [2025-09-08 17:22:16] c("skyblue", "lightgreen")
INFO [2025-09-08 17:22:16] 
INFO [2025-09-08 17:22:16] $alpha
INFO [2025-09-08 17:22:16] [1] 0.5
INFO [2025-09-08 17:22:16] 
INFO [2025-09-08 17:22:16] $scaled
INFO [2025-09-08 17:22:16] [1] FALSE
INFO [2025-09-08 17:22:16] 
INFO [2025-09-08 17:22:16] $cex
INFO [2025-09-08 17:22:16] [1] 0
INFO [2025-09-08 17:22:16] 
INFO [2025-09-08 17:22:16] $cat.cex
INFO [2025-09-08 17:22:16] [1] 1.5
INFO [2025-09-08 17:22:16] 
INFO [2025-09-08 17:22:16] $cat.pos
INFO [2025-09-08 17:22:16] c(180, 180)
INFO [2025-09-08 17:22:16] 
INFO [2025-09-08 17:22:16] $cat.dist
INFO [2025-09-08 17:22:16] c(0.05, 0.05)
INFO [2025-09-08 17:22:16] 
INFO [2025-09-08 17:22:16] $margin
INFO [2025-09-08 17:22:16] [1] 0.1
INFO [2025-09-08 17:22:16] 
