INFO [2025-09-08 17:06:32] $x
INFO [2025-09-08 17:06:32] list(`Genome 85` = set1, `Genome 106` = set2)
INFO [2025-09-08 17:06:32] 
INFO [2025-09-08 17:06:32] $filename
INFO [2025-09-08 17:06:32] NULL
INFO [2025-09-08 17:06:32] 
INFO [2025-09-08 17:06:32] $fill
INFO [2025-09-08 17:06:32] c("skyblue", "lightgreen")
INFO [2025-09-08 17:06:32] 
INFO [2025-09-08 17:06:32] $alpha
INFO [2025-09-08 17:06:32] [1] 0.5
INFO [2025-09-08 17:06:32] 
INFO [2025-09-08 17:06:32] $scaled
INFO [2025-09-08 17:06:32] [1] FALSE
INFO [2025-09-08 17:06:32] 
INFO [2025-09-08 17:06:32] $cex
INFO [2025-09-08 17:06:32] [1] 2
INFO [2025-09-08 17:06:32] 
INFO [2025-09-08 17:06:32] $cat.cex
INFO [2025-09-08 17:06:32] [1] 2
INFO [2025-09-08 17:06:32] 
