INFO [2025-09-08 17:21:00] $x
INFO [2025-09-08 17:21:00] list(`Mada.85: NonInhibitory` = set1, `Mada.106: Inhibitory` = set2)
INFO [2025-09-08 17:21:00] 
INFO [2025-09-08 17:21:00] $filename
INFO [2025-09-08 17:21:00] NULL
INFO [2025-09-08 17:21:00] 
INFO [2025-09-08 17:21:00] $fill
INFO [2025-09-08 17:21:00] c("skyblue", "lightgreen")
INFO [2025-09-08 17:21:00] 
INFO [2025-09-08 17:21:00] $alpha
INFO [2025-09-08 17:21:00] [1] 0.5
INFO [2025-09-08 17:21:00] 
INFO [2025-09-08 17:21:00] $scaled
INFO [2025-09-08 17:21:00] [1] FALSE
INFO [2025-09-08 17:21:00] 
INFO [2025-09-08 17:21:00] $cex
INFO [2025-09-08 17:21:00] [1] 1
INFO [2025-09-08 17:21:00] 
INFO [2025-09-08 17:21:00] $cat.cex
INFO [2025-09-08 17:21:00] [1] 1.5
INFO [2025-09-08 17:21:00] 
INFO [2025-09-08 17:21:00] $cat.pos
INFO [2025-09-08 17:21:00] c(180, 180)
INFO [2025-09-08 17:21:00] 
INFO [2025-09-08 17:21:00] $cat.dist
INFO [2025-09-08 17:21:00] c(0.05, 0.05)
INFO [2025-09-08 17:21:00] 
INFO [2025-09-08 17:21:00] $margin
INFO [2025-09-08 17:21:00] [1] 0.1
INFO [2025-09-08 17:21:00] 
