INFO [2025-09-08 17:01:31] $x
INFO [2025-09-08 17:01:31] list(`Genome 85` = set1, `Genome 106` = set2)
INFO [2025-09-08 17:01:31] 
INFO [2025-09-08 17:01:31] $filename
INFO [2025-09-08 17:01:31] NULL
INFO [2025-09-08 17:01:31] 
INFO [2025-09-08 17:01:31] $fill
INFO [2025-09-08 17:01:31] c("skyblue", "lightgreen")
INFO [2025-09-08 17:01:31] 
INFO [2025-09-08 17:01:31] $alpha
INFO [2025-09-08 17:01:31] [1] 0.5
INFO [2025-09-08 17:01:31] 
INFO [2025-09-08 17:01:31] $scaled
INFO [2025-09-08 17:01:31] [1] FALSE
INFO [2025-09-08 17:01:31] 
INFO [2025-09-08 17:01:31] $cex
INFO [2025-09-08 17:01:31] [1] 2
INFO [2025-09-08 17:01:31] 
INFO [2025-09-08 17:01:31] $cat.cex
INFO [2025-09-08 17:01:31] [1] 2
INFO [2025-09-08 17:01:31] 
