INFO [2025-09-08 17:14:05] $x
INFO [2025-09-08 17:14:05] list(Mada.85 = set1, Mada.106 = set2)
INFO [2025-09-08 17:14:05] 
INFO [2025-09-08 17:14:05] $filename
INFO [2025-09-08 17:14:05] NULL
INFO [2025-09-08 17:14:05] 
INFO [2025-09-08 17:14:05] $fill
INFO [2025-09-08 17:14:05] c("skyblue", "lightgreen")
INFO [2025-09-08 17:14:05] 
INFO [2025-09-08 17:14:05] $alpha
INFO [2025-09-08 17:14:05] [1] 0.5
INFO [2025-09-08 17:14:05] 
INFO [2025-09-08 17:14:05] $scaled
INFO [2025-09-08 17:14:05] [1] FALSE
INFO [2025-09-08 17:14:05] 
INFO [2025-09-08 17:14:05] $cex
INFO [2025-09-08 17:14:05] [1] 2
INFO [2025-09-08 17:14:05] 
INFO [2025-09-08 17:14:05] $cat.cex
INFO [2025-09-08 17:14:05] [1] 2
INFO [2025-09-08 17:14:05] 
