INFO [2025-09-08 17:11:46] $x
INFO [2025-09-08 17:11:46] list(`Genome 85` = set1, `Genome 106` = set2)
INFO [2025-09-08 17:11:46] 
INFO [2025-09-08 17:11:46] $filename
INFO [2025-09-08 17:11:46] NULL
INFO [2025-09-08 17:11:46] 
INFO [2025-09-08 17:11:46] $fill
INFO [2025-09-08 17:11:46] c("skyblue", "lightgreen")
INFO [2025-09-08 17:11:46] 
INFO [2025-09-08 17:11:46] $alpha
INFO [2025-09-08 17:11:46] [1] 0.5
INFO [2025-09-08 17:11:46] 
INFO [2025-09-08 17:11:46] $scaled
INFO [2025-09-08 17:11:46] [1] FALSE
INFO [2025-09-08 17:11:46] 
INFO [2025-09-08 17:11:46] $cex
INFO [2025-09-08 17:11:46] [1] 2
INFO [2025-09-08 17:11:46] 
INFO [2025-09-08 17:11:46] $cat.cex
INFO [2025-09-08 17:11:46] [1] 2
INFO [2025-09-08 17:11:46] 
