INFO [2025-09-08 17:20:42] $x
INFO [2025-09-08 17:20:42] list(`Mada.85: NonInhibitory` = set1, `Mada.106: Inhibitory` = set2)
INFO [2025-09-08 17:20:42] 
INFO [2025-09-08 17:20:42] $filename
INFO [2025-09-08 17:20:42] NULL
INFO [2025-09-08 17:20:42] 
INFO [2025-09-08 17:20:42] $fill
INFO [2025-09-08 17:20:42] c("skyblue", "lightgreen")
INFO [2025-09-08 17:20:42] 
INFO [2025-09-08 17:20:42] $alpha
INFO [2025-09-08 17:20:42] [1] 0.5
INFO [2025-09-08 17:20:42] 
INFO [2025-09-08 17:20:42] $scaled
INFO [2025-09-08 17:20:42] [1] FALSE
INFO [2025-09-08 17:20:42] 
INFO [2025-09-08 17:20:42] $cex
INFO [2025-09-08 17:20:42] [1] 1
INFO [2025-09-08 17:20:42] 
INFO [2025-09-08 17:20:42] $cat.cex
INFO [2025-09-08 17:20:42] [1] 1.5
INFO [2025-09-08 17:20:42] 
INFO [2025-09-08 17:20:42] $cat.pos
INFO [2025-09-08 17:20:42] c(90, 90)
INFO [2025-09-08 17:20:42] 
INFO [2025-09-08 17:20:42] $cat.dist
INFO [2025-09-08 17:20:42] c(0.05, 0.05)
INFO [2025-09-08 17:20:42] 
INFO [2025-09-08 17:20:42] $margin
INFO [2025-09-08 17:20:42] [1] 0.1
INFO [2025-09-08 17:20:42] 
